Sut :1.23213 321e10 3132e-1  Result : 1,23213 :  Consummed :  7
Sut : 321e10 3132e-1  Result : 3210000000000 :  Consummed :  7
Sut : 3132e-1  Result : 313,2 :  Consummed :  8
